     1                                 %line 1+1 addition.asm
     2                                 [section .data]
     3                                 SYS_exit equ 60
     4                                 EXIT_SUCCESS equ 0
     5 00000000 DCFE                   num1 dw 0xFEDC
     6 00000002 3412                   num2 dw 0x1234
     7 00000004 00000000               sum dd 0
     8                                 
     9                                 [section .text]
    10                                 [global _start]
    11                                 
    12                                 _start:
    13 00000000 668B0425[00000000]      mov ax, word[num1]
    14 00000008 66030425[00000000]      add ax, word[num2]
    15 00000010 6683D200                adc dx, 0
    16                                 
    17 00000014 66890425[00000000]      mov [sum],ax
    18 0000001C 66891425[02000000]      mov [sum+2], dx
    19                                 
    20 00000024 48C7C03C000000          mov rax, SYS_exit
    21 0000002B 48C7C700000000          mov rdi, EXIT_SUCCESS
    22                                 
    23 00000032 0F05                    syscall
    24                                 
