     1                                 %line 1+1 subtraction.asm
     2                                 [section .data]
     3                                  SYS_exit equ 60
     4                                  EXIT_SUCCESS equ 0
     5 00000000 3412                    num1 dw 0x1234
     6 00000002 DCFE                    num2 dw 0xFEDC
     7 00000004 00000000                dif dd 0
     8                                 
     9                                 [section .text]
    10                                 [global _start]
    11                                 
    12                                 _start:
    13 00000000 8B0425[00000000]        mov eax, [num1]
    14 00000007 2B0425[00000000]        sub eax, [num2]
    15 0000000E 83DA00                  sbb edx, 0
    16                                 
    17 00000011 890425[00000000]        mov dword[dif], eax
    18 00000018 891425[02000000]        mov dword[dif+2], edx
    19                                 
    20 0000001F 48C7C03C000000          mov rax, SYS_exit
    21 00000026 48C7C700000000          mov rdi, EXIT_SUCCESS
    22 0000002D 0F05                    syscall
